[
  {
    "Id": 0,
    "Name": null,
    "Entries": 0,
    "Configurations": 0
  },
  {
    "Id": 0,
    "Name": null,
    "Entries": 0,
    "Configurations": 0
  }
]
