{"ProjectTypeId":"Id must be number larger then 0"}
