{
  "Id": 1,
  "Name": "Should_Get_Project_By_Id",
  "TypeId": 2,
  "ConfigurationsCount": 0,
  "EntriesCount": 0
}
