{
  "UserId": 1,
  "ProjectStats": [
    {
      "Id": 1,
      "Name": "Project A",
      "TotalConfigurationCount": 0,
      "TotalEntryCount": 0
    },
    {
      "Id": 2,
      "Name": "Project B",
      "TotalConfigurationCount": 0,
      "TotalEntryCount": 0
    }
  ]
}
