{
  "Status": "Unhealthy",
  "HealthChecks": [
    {
      "Name": "Liveness probe",
      "Report": {
        "Status": "Unhealthy",
        "Description": "Dead",
        "ElapsedMilliseconds": 1.2159,
        "Tags": [
          "live"
        ],
        "Data": {}
      }
    }
  ]
}
