{
  "Id": 3287,
  "Name": "Should_Get_Project_By_Id",
  "TypeId": 2,
  "Configurations": []
}
