{"Name":"Value cannot be null or empty","ConfigurationTypeId":"Id must be number larger then 0"}
