{"Name":"Value cannot be null or empty","ProjectId":"Id must be number larger then 0"}
